// Jest Snapshot v1, https://goo.gl/fbAQLP

exports[`Home.tsx render component correctly 1`] = `
<div>
  <main
    class="sc-AxjAm sc-AxhUy LnXBH"
  >
    <img
      alt="Star Wars"
      class="sc-fzozJi eAHfzr"
      src="[object Object]"
    />
    <div
      class="sc-AxmLO jzjKvw"
    >
      <button
        class="sc-AxhCb sc-Axmtr gFtPZS"
      >
        Start
      </button>
    </div>
  </main>
</div>
`;
