// Jest Snapshot v1, https://goo.gl/fbAQLP

exports[`Character.tsx render Character component with correct data 1`] = `
<li
  className="sc-AxiKw sc-AxheI bUcjaj"
>
  <button
    className="sc-AxhCb sc-Axmtr gFtPZS"
  >
    <h1>
      Luke Skywalker
    </h1>
    s
  </button>
  <div
    className="sc-fzozJi jkmZKH"
  >
    <div
      className="sc-AxmLO ebPzVP"
      onClick={[Function]}
    />
    <h1>
      Luke Skywalker
    </h1>
    <p>
      gender: 
      Male
    </p>
    <p>
      weight: 
      77
      kg
    </p>
    <p>
      height: 
      172
      cm
    </p>
  </div>
</li>
`;
