// Jest Snapshot v1, https://goo.gl/fbAQLP

exports[`Categories.tsx render component correctly 1`] = `
<div>
  <main
    class="sc-AxjAm sc-AxhUy LnXBH"
  >
    <ul
      class="sc-AxirZ sc-AxgMl eIVynF"
    >
      <li
        class="sc-AxiKw sc-AxheI bUcjaj"
      >
        <button
          class="sc-AxhCb sc-Axmtr gFtPZS"
        >
          Characters
        </button>
      </li>
      <li
        class="sc-AxiKw sc-AxheI bUcjaj"
      >
        <button
          class="sc-AxhCb sc-Axmtr gFtPZS"
        >
          Planets
        </button>
      </li>
      <li
        class="sc-AxiKw sc-AxheI bUcjaj"
      >
        <button
          class="sc-AxhCb sc-Axmtr gFtPZS"
        >
          Starships
        </button>
      </li>
      <li
        class="sc-AxiKw sc-AxheI bUcjaj"
      >
        <button
          class="sc-AxhCb sc-Axmtr gFtPZS"
        >
          Vehicles
        </button>
      </li>
      <li
        class="sc-AxiKw sc-AxheI bUcjaj"
      >
        <button
          class="sc-AxhCb sc-Axmtr gFtPZS"
        >
          Films
        </button>
      </li>
      <li
        class="sc-AxiKw sc-AxheI bUcjaj"
      >
        <button
          class="sc-AxhCb sc-Axmtr gFtPZS"
        >
          Species
        </button>
      </li>
      <li
        class="sc-AxiKw sc-AxheI bUcjaj"
      >
        <button
          class="sc-AxhCb sc-Axmtr gyNiSL"
        >
          Go Back
        </button>
      </li>
    </ul>
  </main>
</div>
`;
