// Jest Snapshot v1, https://goo.gl/fbAQLP

exports[`Categories.tsx render component correctly 1`] = `
<div>
  <main
    class="sc-AxjAm sc-AxhUy LnXBH"
  >
    <ul
      class="sc-AxirZ sc-AxgMl eIVynF"
    >
      <li
        class="sc-AxiKw sc-AxheI bUcjaj"
      >
        <button
          class="sc-AxhCb sc-Axmtr gFtPZS"
        >
          people
        </button>
      </li>
      <li
        class="sc-AxiKw sc-AxheI bUcjaj"
      >
        <button
          class="sc-AxhCb sc-Axmtr gFtPZS"
        >
          planets
        </button>
      </li>
      <li
        class="sc-AxiKw sc-AxheI bUcjaj"
      >
        <button
          class="sc-AxhCb sc-Axmtr gFtPZS"
        >
          starships
        </button>
      </li>
      <li
        class="sc-AxiKw sc-AxheI bUcjaj"
      >
        <button
          class="sc-AxhCb sc-Axmtr gFtPZS"
        >
          vehicles
        </button>
      </li>
      <li
        class="sc-AxiKw sc-AxheI bUcjaj"
      >
        <button
          class="sc-AxhCb sc-Axmtr gFtPZS"
        >
          films
        </button>
      </li>
      <li
        class="sc-AxiKw sc-AxheI bUcjaj"
      >
        <button
          class="sc-AxhCb sc-Axmtr gFtPZS"
        >
          species
        </button>
      </li>
      <li
        class="sc-AxiKw sc-AxheI bUcjaj"
      >
        <button
          class="sc-AxhCb sc-Axmtr gyNiSL"
        >
          Go Back
        </button>
      </li>
    </ul>
  </main>
</div>
`;
