// Jest Snapshot v1, https://goo.gl/fbAQLP

exports[`Starships.tsx render Starships component with correct data 1`] = `
<li
  className="sc-AxiKw sc-AxheI bUcjaj"
>
  <button
    className="sc-AxhCb sc-Axmtr gFtPZS"
  >
    <h1>
      Sand Crawler
    </h1>
  </button>
  <div
    className="sc-fzozJi jkmZKH"
  >
    <div
      className="sc-AxmLO ebPzVP"
      onClick={[Function]}
    />
    <h1>
      Sand Crawler
    </h1>
    <p>
      model: 
      Digger Crawler
    </p>
    <p>
      manufacturer: 
      Corellia Mining Corporation
    </p>
    <p>
      passengers: 
      30
    </p>
    <p>
      pilots: 
    </p>
    <p>
      const in credits: 
      150000
    </p>
  </div>
</li>
`;
